// Jest Snapshot v1, https://goo.gl/fbAQLP

exports[`should render dashboard 1`] = `
<div>
  <Connect(ExpensesSummary) />
  <Connect(ExpenseListFitlers) />
  <Connect(ExpenseList) />
</div>
`;
