// Jest Snapshot v1, https://goo.gl/fbAQLP

exports[`should render Header correctly 1`] = `
<header>
  <h3>
    Expensify
  </h3>
  <[object Object]
    activeClassName="is-active"
    exact={true}
    to="/"
  >
    home
  </[object Object]>
  <[object Object]
    activeClassName="is-active"
    to="/create"
  >
    create
  </[object Object]>
  <[object Object]
    activeClassName="is-active"
    to="/edit"
  >
    edit
  </[object Object]>
  <[object Object]
    activeClassName="is-active"
    to="/help"
  >
    help
  </[object Object]>
</header>
`;
